// Vitest Snapshot v1, https://vitest.dev/guide/snapshot.html

exports[`Box component > should render correctly 1`] = `
<div>
  <style
    data-cmpld="true"
  >
    ._1e0c1txw{display:flex}
  </style>
  <div
    class="_1e0c1txw"
  />
</div>
`;
