// Vitest Snapshot v1, https://vitest.dev/guide/snapshot.html

exports[`MovieGenres > should match the snapshot 1`] = `
<div>
  <style
    data-cmpld="true"
  >
    ._1e0c1txw{display:flex}._2lx2vrvc{flex-direction:row}
  </style>
  <div
    class="_1e0c1txw _2lx2vrvc"
  >
    Action/Comedy
  </div>
</div>
`;
